Sun Oct 22 12:59:33 EDT 2017
START

Chapter 1 - Learning from urlget

$ git clone git@github.com:baloi/learning_from.git

Open ~/tinker/curl_evolution/1_url_get_3.12/url_get.c

$ vim learn_urlget.c
$ ls
Chapter1
learn_urlget.c
README.md


First find a network read-write function:

In static int sendf() function, swrite() is call.

$ mkdir urlget
$ cp ~/tinker/curl_evolution/1_url_get3.12/*.c urlget
$ cp ~/tinker/curl_evolution/1_url_get3.12/*.h urlget
$ grep -n "swrite" urlget/*

urlget/config.h:76:#define swrite(x,y,z) (size_t)send(x,y,z,0)
urlget/config.h:80:#define swrite(x,y,z) write(x,y,z)
urlget/urlget.c:534:      if(nread != swrite(sockfd, buf, nread)) {
urlget/urlget.c:1323:  return(swrite(fd, s, strlen(s)));

> As we can see, urlget/config.h:80
  "#define swrite(x,y,z) (size_t)send(x,y,z,0)"
  This is what we are looking for.
  swrite(x,y,z) is just a call to send(x,y,z,0)

  swrite() is used in:
  static int sendf(int fd, struct UrlData *data, char *fmt, ...)

  I am going to use a simpler sendf()...

  And also implement struct UrlData: 

--- code start ---
/*   Example: learn_urlget -p 8080 -x my-proxy.my.site http://www.from.here 
 */
#include <stdio.h>
#include <sys/types.h>
#include <sys/socket.h>
#include <string.h>


#define LEAST_SIZE_PROGRESS BUFSIZE
#define BUFSIZE (2048 * 5)

/* config struct */
struct UrlData {
    FILE *out;  // the fetched file goes here
    FILE *in;   // the uploaded file is read from here
    char *url;  // what to get
    unsigned short port;  // which port to use

    // function that stores the output
    size_t (*fwrite) (char *buffer,
                      int size,
                      int nitems,
                      FILE *outstream);
    // function that reads the input
    size_t (*fread)(char *buffer,
                    int size,
                    int nitems,
                    FILE *outstream);
    long timeout;  // in seconds, 0 means no timeout
    // fields only set and used without _urlget()
    int firstsocket;    // the main socket to use
    int secondarysocket;// for i.e ftp transfers
    char buffer[BUFSIZE+1];
};

#include <stdio.h>

/* sendf() sends the str to the server */
static int sendf(int fd, struct UrlData *data, char *str) {
    char s[1024];

    return (send(fd, s, strlen(s), 0));
}

int main(int argc, char **argv) {
    char *str = "hello there";
    int ret = sendf(fd, data, str);      
    return 0;
}
--- code end ---

> That was a lot of setting up...

$ cc learn_urlget.c

learn_urlget.c: In function 'main':
learn_urlget.c:47:21: error: 'fd' undeclared (first use in this function)
     int ret = sendf(fd, data, str);
                     ^~
learn_urlget.c:47:21: note: each undeclared identifier is reported only once for each function it appears in
learn_urlget.c:47:25: error: 'data' undeclared (first use in this function)
     int ret = sendf(fd, data, str);
                         ^~~~

Sun Oct 22 13:42:00 EDT 2017
END

Sun Oct 22 13:50:22 EDT 2017
START

> Now, where is UrlData used...
  Doing "/UrlData" in vim eventually shows in urlget() as:
  
  struct UrlData * data;
  So let's use that in main:

--- code start ---
int main(int argc, char **argv) {
    char *str = "hello there";
    struct UrlData *data;
    data = malloc(sizeof(struct UrlData));
    int ret = sendf(fd, data, str);
    return 0;
}
--- code end ---

$ cc learn_urlget.c

learn_urlget.c: In function 'main':
learn_urlget.c:48:12: warning: implicit declaration of function 'malloc' [-Wimplicit-function-declaration]
     data = malloc(sizeof(struct UrlData));
            ^~~~~~
learn_urlget.c:48:12: warning: incompatible implicit declaration of built-in function 'malloc'
learn_urlget.c:48:12: note: include '<stdlib.h>' or provide a declaration of 'malloc'
learn_urlget.c:49:21: error: 'fd' undeclared (first use in this function)
     int ret = sendf(fd, data, str);
                     ^~
learn_urlget.c:49:21: note: each undeclared identifier is reported only once for each function it appears in

> Need stdlib.h for malloc() and then got to work on "fd"...
  So add this line on top of code:

#include <stdlib.h>

> and then let's deal with "data" (struct UrlData *):

   data = malloc(sizeof(struct UrlData));
   if (data) {
        data->out = stdout;
        data->in = stdin;
        data->firstsocket = -1; // no file descriptor
        // use fwrite as default function to store output
        data->fwrite = (size_t (*)(char *, int, int, FILE *))fwrite;
   }

> Notice that man fwrite gets:
  size_t fwrite(const void *ptr, size_t size, size_t nmemb, FILE *stream);

  And in this piece of code, we are casting fwrite to
  (size_t (*)(char *, int, int, FILE *))

  data->fwrite = (size_t (*)(char *, int, int, FILE *))fwrite;

> Taking a break. Now at urlget() function in urlget.c

Sun Oct 22 14:10:32 EDT 2017
END

Sun Oct 22 19:57:40 EDT 2017
START

Back to urlget()

        data->fread = (size_t (*)(char *, int, int, FILE *))fread;

(had dinner already)
Sun Oct 22 21:05:02 EDT 2017
END


Sun Oct 22 20:58:09 EDT 2017
START

> after a bit of tinkering....
  This code compiles but gets "Could not connect to server":

  Maybe I should also make a test....

--- code start ---
/*   Example: learn_urlget -p 8080 -x my-proxy.my.site http://www.from.here 
 */
#include <stdio.h>
#include <stdlib.h>
#include <sys/types.h>
#include <sys/socket.h>
#include <string.h>
#include <netinet/in.h>
#include <netdb.h>
#include <arpa/inet.h>
#include <unistd.h>
#include <errno.h>

#define LEAST_SIZE_PROGRESS BUFSIZE
#define BUFSIZE (2048 * 5)

typedef enum {
    URG_OK = 0,
    URG_COULDNT_CONNECT,
    URG_COULDNT_RESOLVE_HOST
} UrgError;

/* config struct */
struct UrlData {
    FILE *out;  // the fetched file goes here
    FILE *in;   // the uploaded file is read from here
    char *url;  // what to get
    unsigned short port;  // which port to use

    // function that stores the output
    size_t (*fwrite) (char *buffer,
                      int size,
                      int nitems,
                      FILE *outstream);
    // function that reads the input
    size_t (*fread)(char *buffer,
                    int size,
                    int nitems,
                    FILE *outstream);
    long timeout;  // in seconds, 0 means no timeout
    // fields only set and used without _urlget()
    int firstsocket;    // the main socket to use
    int secondarysocket;// for i.e ftp transfers
    char buffer[BUFSIZE+1];
};

static void infof(struct UrlData *data, char *fmt, ...) {
    int verbose = 1;
    if (verbose)
        printf("verbose: ");
    fprintf(stderr, fmt);
}

#ifndef INADDR_NONE
#define INADDR_NONE -1
#endif
static struct hostent * GetHost(struct UrlData *data, char *hostname) {
    struct hostent *h = NULL;
    unsigned long in;

    if ( (in = inet_addr(hostname)) != INADDR_NONE) {
        if ( (h = gethostbyaddr((char *)&in, sizeof(in),
                        AF_INET)) == NULL) {
            infof(data, "gethostbyaddr(2) failed for %s\n", hostname);
        }
    } else if ( (h = gethostbyname(hostname)) == NULL) {
            infof(data, "gethostbyname(2) failed for %s\n", hostname);
    }
    return (h);
}


/* sendf() sends the str to the server */
static int sendf(int fd, struct UrlData *data, char *str) {
    char s[1024];

    printf("sending %s\n", s);
    return (send(fd, s, strlen(s), 0));
}

/* This is where a lot of the action happens */

static UrgError _urlget(struct UrlData *data) {
    struct hostent *he;
    struct hostent *hp = NULL;
    struct sockaddr_in serv_addr;
    char path[512]="/";
    char *buf;
    size_t nread;
    buf = data->buffer;
    // short circuit...
    int local = 1;
    int web = 1;
    char * name = "127.0.0.1";
    if (web)
        data->port = 80;

    data->url = "/";
    if (!(hp = GetHost(data, name))) {
        fprintf(stderr, "Could not resolve %s", name);
        return URG_COULDNT_RESOLVE_HOST;
    }

    data->firstsocket = socket(AF_INET, SOCK_STREAM, 0);
    memset((char*) &serv_addr, '\0', sizeof(serv_addr));
    memcpy((char*) &(serv_addr.sin_addr), 
            hp->h_addr, hp->h_length);
    serv_addr.sin_family = hp->h_addrtype;
    serv_addr.sin_port = htons(data->port);
    if (connect(data->firstsocket, 
                (struct sockaddr *) &serv_addr, sizeof(serv_addr)) < 0) {
        if (errno) {
            fprintf(stderr, "Could not connect to server\n");
            return URG_COULDNT_CONNECT;
        }
    }
        
    char *str = "hello";
    int ret = sendf(data->firstsocket, data, str);      
    //TODO: implement
    return ret;
}

void urlfree(struct UrlData *data) {
    if (-1 != data->secondarysocket)
        close(data->secondarysocket);
    if (-1 != data->firstsocket)
        close(data->firstsocket);
    free(data);
}

int main(int argc, char **argv) {
    char *str = "hello there";
    struct UrlData *data;
    int res;

    data = malloc(sizeof(struct UrlData));

    if (data) {
        memset(data, 0, sizeof(struct UrlData));
        // set some defaults...
        data->out = stdout;
        data->in = stdin;
        data->firstsocket = -1; // no file descriptor
        // use fwrite as default function to store output
        data->fwrite = (size_t (*)(char *, int, int, FILE *))fwrite;
        // use fread as default function to read input
        data->fread = (size_t (*)(char *, int, int, FILE *))fread;

    }
    res= _urlget(data);

    urlfree(data);
    return 0;
}

--- code end ---

> Next: work on main and passing something to sendf()
  in sendf(): must copy contents of *str to char s[1024] 

Sun Oct 22 21:30:46 EDT 2017
END

Mon Oct 23 08:02:55 EDT 2017
START

> gethost_test.c done to test GetHost()

--- code start ---

#include <stdio.h>
#include <stdlib.h>
#include <sys/types.h>
#include <sys/socket.h>
#include <string.h>
#include <netinet/in.h>
#include <netdb.h>
#include <arpa/inet.h>
#include <unistd.h>
#include <errno.h>

#ifndef INADDR_NONE
#define INADDR_NONE -1
#endif

static struct hostent * getHost(char *hostname) {
    struct hostent *h = NULL;
    unsigned long in;
    printf("in getHost\n");

    if ( (in = inet_addr(hostname)) != INADDR_NONE) {
        printf("inet_addr(hostname) != INADDR_NONE\n");
        if ( (h = gethostbyaddr((char *)&in, sizeof(in),
                        AF_INET)) == NULL) {
            //infof(data, "gethostbyaddr(2) failed for %s\n", hostname);
            fprintf(stderr, "gethostbyaddr(2) failed for %s\n", hostname);
        } else {
            printf("gethostbyaddr not NULL\n");
            //printf("h->h_name >>%s<<\n", h->h_name);
        }
    } else if ( (h = gethostbyname(hostname)) == NULL) {
            printf("gethostbyname(hostname) == NULL)\n");
            //infof(data, "gethostbyname(2) failed for %s\n", hostname);
            fprintf(stderr, "gethostbyname(2) failed for %s\n", hostname);
    }
    return (h);

}

int main(int argc, char **argv) {
    struct hostent *he; 
    char *hostname = "127.0.0.1";
    he = getHost(hostname);

    printf("getHost he->h_name returned >>%s<<\n", he->h_name);
    return 0;
}

--- code end ---

Mon Oct 23 08:39:11 EDT 2017
END

Mon Oct 23 16:36:46 EDT 2017
START

> Now, the above code did not have anything for he->h_addr or
  hp->h_addrtype and:

$ man gethostbyname

> The above man page says that gethostbyname() and gethostbyaddr()
  are both obsolete. Applications should use getaddrinfo(),
  getnameinfo() and gai_strerror() instead. So I looked around
  and searched the PDF copy of "Beej's Guide to Networking" for
  a quick code sample - btw, TCP/IP Illustrated looks more
  authoritative, but I needed a quick search...
  CTRL-s "getaddrinfo"

Mon Oct 23 16:55:46 EDT 2017
END

Tue Oct 24 08:05:24 EDT 2017
START

> THINGS I HAVE LEARNED SO FAR:

> using enum to create constants and make return types as the
  enum type, example:

typedef enum {
    URG_OK = 0,
    URG_COULDNT_CONNECT,
    URG_COULDNT_RESOLVE_HOST
} UrgError;

static UrgError _urlget(struct UrlData *data);

> _urlget() returns actually an int but the function itself
  returns only the constants in enum UrgError, hence the return
  type can be of UrgError which gives us a better idea what kind
  of value the function is supposed to return and it also does
  not need to "throw" an exception. Convenient!

> Structs with function pointers in them:

struct UrlData {
    FILE *out;  // the fetched file goes here
    FILE *in;   // the uploaded file is read from here
    char *url;  // what to get
    unsigned short port;  // which port to use

    // function that stores the output
    size_t (*fwrite) (char *buffer,
                      int size,
                      int nitems,
                      FILE *outstream);
    char buffer[BUFSIZE+1];
};

> Consider fwrite in this structure.

size_t (*fwrite) (char *buffer, int size, int nitems,
        FILE *outstream);

> It can be used this way:

  struct UrlData *data;
  data = malloc(sizeof(struct UrlData));
  if (data) {
    memset(data, 0, sizeof(struct UrlData));
    data->out = stdout; /* default output to stdout */
    data->in  = stdin;  /* default input from stdin */
    data->firstsocket = -1; /* no file descriptor */
    data->fwrite = (size_t (*)(char *, int, int, FILE *))fwrite;
  }

> Notice the last line before the brace, fwrite is casted to
  (size_t (*)(char *, int, int, FILE *)), which corresponds to
  the function signature of fwrite which is taken from man page,
  compare now man page description and the cast...

    size_t fwrite(void *ptr, size_t size, size_t nmemb,
                  FILE *stream)
    data->fwrite = (size_t (*)(char *, int, int, FILE *))fwrite;
    vs.

    data->fwrite = (size_t (*)(char *, int, int, FILE *))fwrite;

Tue Oct 24 08:25:23 EDT 2017
END
